[banu.ibthemespro.com/index04b9.html]
[backblue.gif]
[fade.gif]
[index.html]
[banu.ibthemespro.com/fonts/remixicon.css]
[banu.ibthemespro.com/images/favicon/favicon.ico]
[banu.ibthemespro.com/css/vendor/bootstrap.min.css]
[banu.ibthemespro.com/css/vendor/slick.css]
[banu.ibthemespro.com/css/vendor/slick-theme.css]
[banu.ibthemespro.com/css/vendor/aos.css]
[banu.ibthemespro.com/css/style.css]
[banu.ibthemespro.com/images/logo-preloader.png]
[banu.ibthemespro.com/index.html]
[banu.ibthemespro.com/images/logo-white.png]
[banu.ibthemespro.com/images/logo-dark.png]
[banu.ibthemespro.com/index-2.html]
[banu.ibthemespro.com/index-3.html]
[banu.ibthemespro.com/index-4.html]
[banu.ibthemespro.com/index-5.html]
[banu.ibthemespro.com/index-6.html]
[banu.ibthemespro.com/index-7.html]
[banu.ibthemespro.com/explore-filter.html]
[banu.ibthemespro.com/explore-isotop.html]
[banu.ibthemespro.com/explore-carousel.html]
[banu.ibthemespro.com/explore-filter-sidebar.html]
[banu.ibthemespro.com/live-auction-1.html]
[banu.ibthemespro.com/live-auction-2.html]
[banu.ibthemespro.com/live-auction-3.html]
[banu.ibthemespro.com/activity.html]
[banu.ibthemespro.com/blog.html]
[banu.ibthemespro.com/blog-details.html]
[banu.ibthemespro.com/product-details.html]
[banu.ibthemespro.com/authors.html]
[banu.ibthemespro.com/author-profile.html]
[banu.ibthemespro.com/all-sellers.html]
[banu.ibthemespro.com/all-sellers-2.html]
[banu.ibthemespro.com/popular-collections.html]
[banu.ibthemespro.com/popular-collections-2.html]
[banu.ibthemespro.com/wallet.html]
[banu.ibthemespro.com/create.html]
[banu.ibthemespro.com/notification.html]
[banu.ibthemespro.com/signin.html]
[banu.ibthemespro.com/signin-2.html]
[banu.ibthemespro.com/forgot-password.html]
[banu.ibthemespro.com/signup.html]
[banu.ibthemespro.com/404.html]
[banu.ibthemespro.com/contact.html]
[banu.ibthemespro.com/images/avatar/user.png]
[banu.ibthemespro.com/images/shape/2.png]
[banu.ibthemespro.com/images/shape/3.png]
[banu.ibthemespro.com/images/shape/2-light.png]
[banu.ibthemespro.com/images/shape/3-light.png]
[banu.ibthemespro.com/images/explore/hero/1.jpg]
[banu.ibthemespro.com/images/explore/hero/2.jpg]
[banu.ibthemespro.com/images/explore/hero/4.jpg]
[banu.ibthemespro.com/images/explore/hero/reward.png]
[banu.ibthemespro.com/images/gallery/1.jpg]
[banu.ibthemespro.com/images/gallery/2.jpg]
[banu.ibthemespro.com/images/gallery/3.jpg]
[banu.ibthemespro.com/images/gallery/4.jpg]
[banu.ibthemespro.com/images/gallery/5.jpg]
[banu.ibthemespro.com/images/gallery/6.jpg]
[banu.ibthemespro.com/images/gallery/7.jpg]
[banu.ibthemespro.com/images/gallery/8.jpg]
[banu.ibthemespro.com/images/gallery/9.jpg]
[banu.ibthemespro.com/images/gallery/10.jpg]
[banu.ibthemespro.com/images/gallery/11.jpg]
[banu.ibthemespro.com/images/gallery/12.jpg]
[banu.ibthemespro.com/images/gallery/13.jpg]
[banu.ibthemespro.com/images/gallery/14.jpg]
[banu.ibthemespro.com/images/explore/28.jpg]
[banu.ibthemespro.com/images/explore/avatar/1.png]
[banu.ibthemespro.com/images/explore/avatar/2.png]
[banu.ibthemespro.com/images/explore/avatar/3.png]
[banu.ibthemespro.com/images/explore/29.jpg]
[banu.ibthemespro.com/images/explore/27.jpg]
[banu.ibthemespro.com/images/explore/6.jpg]
[banu.ibthemespro.com/images/explore/16.jpg]
[banu.ibthemespro.com/images/explore/20.jpg]
[banu.ibthemespro.com/images/explore/7.jpg]
[banu.ibthemespro.com/images/explore/30.jpg]
[banu.ibthemespro.com/images/top-seller/1.png]
[banu.ibthemespro.com/images/top-seller/2.png]
[banu.ibthemespro.com/images/top-seller/3.png]
[banu.ibthemespro.com/images/top-seller/4.png]
[banu.ibthemespro.com/images/top-seller/5.png]
[banu.ibthemespro.com/images/explore/4.jpg]
[banu.ibthemespro.com/images/explore/5.jpg]
[banu.ibthemespro.com/images/explore/3.jpg]
[banu.ibthemespro.com/images/explore/12.jpg]
[banu.ibthemespro.com/images/explore/1.jpg]
[banu.ibthemespro.com/images/explore/2.jpg]
[banu.ibthemespro.com/images/popular/3.jpg]
[banu.ibthemespro.com/images/popular/small/1.png]
[banu.ibthemespro.com/images/popular/small/2.png]
[banu.ibthemespro.com/images/popular/small/3.png]
[banu.ibthemespro.com/images/popular/11.jpg]
[banu.ibthemespro.com/images/popular/small/10.png]
[banu.ibthemespro.com/images/popular/small/11.png]
[banu.ibthemespro.com/images/popular/small/12.png]
[banu.ibthemespro.com/images/popular/12.jpg]
[banu.ibthemespro.com/images/popular/small/13.png]
[banu.ibthemespro.com/images/popular/small/7.png]
[banu.ibthemespro.com/images/popular/small/14.png]
[banu.ibthemespro.com/images/popular/10.jpg]
[banu.ibthemespro.com/images/popular/small/8.png]
[banu.ibthemespro.com/images/popular/small/9.png]
[banu.ibthemespro.com/images/popular/1.jpg]
[banu.ibthemespro.com/images/popular/2.jpg]
[banu.ibthemespro.com/images/popular/small/4.png]
[banu.ibthemespro.com/images/popular/small/5.png]
[banu.ibthemespro.com/images/popular/small/6.png]
[banu.ibthemespro.com/images/icon/1.png]
[banu.ibthemespro.com/images/icon/2.png]
[banu.ibthemespro.com/images/icon/3.png]
[banu.ibthemespro.com/js/vendor/jquery.nice-select.min.js]
[banu.ibthemespro.com/js/vendor/jquery.js]
[banu.ibthemespro.com/js/vendor/modernizer.min.js]
[banu.ibthemespro.com/js/vendor/slick.min.js]
[banu.ibthemespro.com/js/vendor/bootstrap.min.js]
[banu.ibthemespro.com/js/vendor/waypoint.js]
[banu.ibthemespro.com/js/vendor/js.cookie.js]
[banu.ibthemespro.com/js/vendor/count-down.js]
[banu.ibthemespro.com/js/vendor/counter-up.js]
[banu.ibthemespro.com/js/vendor/isotop.js]
[banu.ibthemespro.com/js/vendor/imageloaded.js]
[banu.ibthemespro.com/js/vendor/aos.js]
[banu.ibthemespro.com/js/vendor/jquery.custom-file-input.js]
[banu.ibthemespro.com/js/main.js]
[banu.ibthemespro.com/index04b9.html]
[banu.ibthemespro.com/fonts/remixicondf6ddf6d.woff2]
[banu.ibthemespro.com/fonts/remixicondf6ddf6d.eot]
[banu.ibthemespro.com/fonts/remixicondf6ddf6d.woff]
[banu.ibthemespro.com/fonts/remixicondf6ddf6d.ttf]
[banu.ibthemespro.com/fonts/remixicon.css]
[banu.ibthemespro.com/css/vendor/bootstrap.min.css]
[banu.ibthemespro.com/css/vendor/slick.css]
[banu.ibthemespro.com/index-8.html]
[banu.ibthemespro.com/fonts/remixicondf6ddf6d.svg]
[banu.ibthemespro.com/images/ajax-loader.gif]
[banu.ibthemespro.com/fonts/slick.woff]
[banu.ibthemespro.com/fonts/slick.ttf]
[banu.ibthemespro.com/css/vendor/slick-theme.css]
[banu.ibthemespro.com/css/vendor/aos.css]
[banu.ibthemespro.com/css/vendor/nice-select.css]
[banu.ibthemespro.com/images/bg/bg-1.jpg]
[banu.ibthemespro.com/images/bg/bg-3.jpg]
[banu.ibthemespro.com/images/bg/bg-4.jpg]
[banu.ibthemespro.com/images/bg/bg-5.jpg]
[banu.ibthemespro.com/images/bg/bg-6.jpg]
[banu.ibthemespro.com/images/bg/bg-7.jpg]
[banu.ibthemespro.com/images/bg/dark-inner.jpg]
[banu.ibthemespro.com/images/bg/bg-9.jpg]
[banu.ibthemespro.com/images/bg/bg-10.jpg]
[banu.ibthemespro.com/images/bg/bg-11.jpg]
[banu.ibthemespro.com/images/bg/bg-12.jpg]
[banu.ibthemespro.com/images/bg/light-inner.jpg]
[banu.ibthemespro.com/css/style.css]
[banu.ibthemespro.com/index.html]
[banu.ibthemespro.com/images/shape/4.svg]
[banu.ibthemespro.com/images/explore/hero/3.png]
[banu.ibthemespro.com/images/shape/8.png]
[banu.ibthemespro.com/images/shape/6.png]
[banu.ibthemespro.com/images/shape/1.png]
[banu.ibthemespro.com/images/explore/13.jpg]
[banu.ibthemespro.com/images/explore/14.jpg]
[banu.ibthemespro.com/images/explore/15.jpg]
[banu.ibthemespro.com/images/explore/18.jpg]
[banu.ibthemespro.com/images/explore/17.jpg]
[banu.ibthemespro.com/images/explore/19.jpg]
[banu.ibthemespro.com/images/explore/21.jpg]
[banu.ibthemespro.com/images/explore/22.jpg]
[banu.ibthemespro.com/images/explore/10.jpg]
[banu.ibthemespro.com/images/explore/23.jpg]
[banu.ibthemespro.com/images/explore/26.jpg]
[banu.ibthemespro.com/images/explore/32.jpg]
[banu.ibthemespro.com/images/popular/4.jpg]
[banu.ibthemespro.com/images/popular/5.jpg]
[banu.ibthemespro.com/images/popular/6.jpg]
[banu.ibthemespro.com/images/popular/7.jpg]
[banu.ibthemespro.com/images/popular/8.jpg]
[banu.ibthemespro.com/images/popular/9.jpg]
[banu.ibthemespro.com/index-2.html]
[banu.ibthemespro.com/images/explore/31.jpg]
[banu.ibthemespro.com/images/explore/33.jpg]
[banu.ibthemespro.com/images/explore/25.jpg]
[banu.ibthemespro.com/index-3.html]
[banu.ibthemespro.com/index-4.html]
[banu.ibthemespro.com/index-5.html]
[banu.ibthemespro.com/css/vendor/jquery.fancybox.min.css]
[banu.ibthemespro.com/images/shape/7.png]
[banu.ibthemespro.com/images/shape/5.png]
[banu.ibthemespro.com/index-6.html]
[banu.ibthemespro.com/js/vendor/jquery.fancybox.min.js]
[banu.ibthemespro.com/images/hero/3.jpg]
[banu.ibthemespro.com/images/hero/1.jpg]
[banu.ibthemespro.com/images/hero/2.jpg]
[banu.ibthemespro.com/images/hero/10.jpg]
[banu.ibthemespro.com/images/hero/11.jpg]
[banu.ibthemespro.com/images/hero/7.jpg]
[banu.ibthemespro.com/images/hero/8.jpg]
[banu.ibthemespro.com/images/hero/6.jpg]
[banu.ibthemespro.com/images/hero/4.jpg]
[banu.ibthemespro.com/images/hero/5.jpg]
[banu.ibthemespro.com/index-7.html]
[banu.ibthemespro.com/explore-filter.html]
[banu.ibthemespro.com/explore-isotop.html]
[banu.ibthemespro.com/images/explore/8.jpg]
[banu.ibthemespro.com/explore-carousel.html]
[banu.ibthemespro.com/explore-filter-sidebar.html]
[banu.ibthemespro.com/live-auction-1.html]
[banu.ibthemespro.com/live-auction-2.html]
[banu.ibthemespro.com/live-auction-3.html]
[banu.ibthemespro.com/activity.html]
[banu.ibthemespro.com/images/blog/1.jpg]
[banu.ibthemespro.com/images/blog/2.jpg]
[banu.ibthemespro.com/images/blog/3.jpg]
[banu.ibthemespro.com/images/blog/4.jpg]
[banu.ibthemespro.com/images/blog/5.jpg]
[banu.ibthemespro.com/images/blog/8.jpg]
[banu.ibthemespro.com/images/blog/6.jpg]
[banu.ibthemespro.com/images/blog/7.jpg]
[banu.ibthemespro.com/images/blog/9.jpg]
[banu.ibthemespro.com/blog.html]
[banu.ibthemespro.com/images/blog-details/1.jpg]
[banu.ibthemespro.com/images/blog-details/avatar/1.png]
[banu.ibthemespro.com/images/blog-details/avatar/2.png]
[banu.ibthemespro.com/images/blog-details/avatar/3.png]
[banu.ibthemespro.com/blog-details.html]
[banu.ibthemespro.com/images/explore/single.jpg]
[banu.ibthemespro.com/images/authors/avatar/10.png]
[banu.ibthemespro.com/images/authors/avatar/11.png]
[banu.ibthemespro.com/images/authors/avatar/1.png]
[banu.ibthemespro.com/images/authors/avatar/4.png]
[banu.ibthemespro.com/images/authors/avatar/5.png]
[banu.ibthemespro.com/images/authors/avatar/8.png]
[banu.ibthemespro.com/images/authors/avatar/6.png]
[banu.ibthemespro.com/images/explore/11.jpg]
[banu.ibthemespro.com/product-details.html]
[banu.ibthemespro.com/images/authors/1.jpg]
[banu.ibthemespro.com/images/authors/2.jpg]
[banu.ibthemespro.com/images/authors/avatar/2.png]
[banu.ibthemespro.com/images/authors/3.jpg]
[banu.ibthemespro.com/images/authors/avatar/3.png]
[banu.ibthemespro.com/images/authors/4.jpg]
[banu.ibthemespro.com/images/authors/5.jpg]
[banu.ibthemespro.com/images/authors/6.jpg]
[banu.ibthemespro.com/images/authors/7.jpg]
[banu.ibthemespro.com/images/authors/avatar/7.png]
[banu.ibthemespro.com/images/authors/8.jpg]
[banu.ibthemespro.com/authors.html]
[banu.ibthemespro.com/images/authors/avatar/9.png]
[banu.ibthemespro.com/images/explore/9.jpg]
[banu.ibthemespro.com/author-profile.html]
[banu.ibthemespro.com/all-sellers.html]
[banu.ibthemespro.com/all-sellers-2.html]
[banu.ibthemespro.com/popular-collections.html]
[banu.ibthemespro.com/popular-collections-2.html]
[banu.ibthemespro.com/images/wallet/1.png]
[banu.ibthemespro.com/images/wallet/2.png]
[banu.ibthemespro.com/images/wallet/3.png]
[banu.ibthemespro.com/images/wallet/4.png]
[banu.ibthemespro.com/images/wallet/5.png]
[banu.ibthemespro.com/images/wallet/6.png]
[banu.ibthemespro.com/images/wallet/7.png]
[banu.ibthemespro.com/wallet.html]
[banu.ibthemespro.com/create.html]
[banu.ibthemespro.com/notification.html]
[banu.ibthemespro.com/signin.html]
[banu.ibthemespro.com/signin-2.html]
[banu.ibthemespro.com/forgot-password.html]
[banu.ibthemespro.com/images/icon/metamask.svg]
[banu.ibthemespro.com/images/signup/1.jpg]
[banu.ibthemespro.com/signup.html]
[banu.ibthemespro.com/images/404/404.png]
[banu.ibthemespro.com/404.html]
[banu.ibthemespro.com/images/signup/2.jpg]
[banu.ibthemespro.com/contact.html]
[banu.ibthemespro.com/Profile.html]
[banu.ibthemespro.com/fonts/remixicondf6ddf6d.svg]
[banu.ibthemespro.com/index-8.html]
[banu.ibthemespro.com/fonts/slick.html]
[banu.ibthemespro.com/fonts/slickd41dd41d.html]
[banu.ibthemespro.com/fonts/slick-2.html]
[banu.ibthemespro.com/css/vendor/nice-select.css]
[banu.ibthemespro.com/images/shape/4.svg]
[banu.ibthemespro.com/css/vendor/jquery.fancybox.min.css]
[banu.ibthemespro.com/images/icon/metamask.svg]
